  Determining projects to restore...
C:\Projects\Web\RRHH_Web\RRHH-WEB_Backend\stand_rrhh_backend\RRHH_WEB_API\RRHH_WEB_API.csproj : warning NU1902: Package 'MimeKit' 3.4.3 has a known moderate severity vulnerability, https://github.com/advisories/GHSA-g7hc-96xr-gvvx
C:\Projects\Web\RRHH_Web\RRHH-WEB_Backend\stand_rrhh_backend\RRHH_WEB_API\RRHH_WEB_API.csproj : warning NU1701: Package 'Aspose.Cells 8.7.2' was restored using '.NETFramework,Version=v4.6.1, .NETFramework,Version=v4.6.2, .NETFramework,Version=v4.7, .NETFramework,Version=v4.7.1, .NETFramework,Version=v4.7.2, .NETFramework,Version=v4.8, .NETFramework,Version=v4.8.1' instead of the project target framework 'net8.0'. This package may not be fully compatible with your project.
C:\Projects\Web\RRHH_Web\RRHH-WEB_Backend\stand_rrhh_backend\RRHH_WEB_API\RRHH_WEB_API.csproj : warning NU1701: Package 'ExcelEngine 1.1.1' was restored using '.NETFramework,Version=v4.6.1, .NETFramework,Version=v4.6.2, .NETFramework,Version=v4.7, .NETFramework,Version=v4.7.1, .NETFramework,Version=v4.7.2, .NETFramework,Version=v4.8, .NETFramework,Version=v4.8.1' instead of the project target framework 'net8.0'. This package may not be fully compatible with your project.
C:\Projects\Web\RRHH_Web\RRHH-WEB_Backend\stand_rrhh_backend\RRHH_WEB_API\RRHH_WEB_API.csproj : warning NU1701: Package 'Microsoft.Owin 4.2.2' was restored using '.NETFramework,Version=v4.6.1, .NETFramework,Version=v4.6.2, .NETFramework,Version=v4.7, .NETFramework,Version=v4.7.1, .NETFramework,Version=v4.7.2, .NETFramework,Version=v4.8, .NETFramework,Version=v4.8.1' instead of the project target framework 'net8.0'. This package may not be fully compatible with your project.
C:\Projects\Web\RRHH_Web\RRHH-WEB_Backend\stand_rrhh_backend\RRHH_WEB_API\RRHH_WEB_API.csproj : warning NU1701: Package 'Microsoft.Owin.Hosting 4.2.2' was restored using '.NETFramework,Version=v4.6.1, .NETFramework,Version=v4.6.2, .NETFramework,Version=v4.7, .NETFramework,Version=v4.7.1, .NETFramework,Version=v4.7.2, .NETFramework,Version=v4.8, .NETFramework,Version=v4.8.1' instead of the project target framework 'net8.0'. This package may not be fully compatible with your project.
C:\Projects\Web\RRHH_Web\RRHH-WEB_Backend\stand_rrhh_backend\RRHH_WEB_API\RRHH_WEB_API.csproj : warning NU1701: Package 'Owin 1.0.0' was restored using '.NETFramework,Version=v4.6.1, .NETFramework,Version=v4.6.2, .NETFramework,Version=v4.7, .NETFramework,Version=v4.7.1, .NETFramework,Version=v4.7.2, .NETFramework,Version=v4.8, .NETFramework,Version=v4.8.1' instead of the project target framework 'net8.0'. This package may not be fully compatible with your project.
  Restored C:\Projects\Web\RRHH_Web\RRHH-WEB_Backend\stand_rrhh_backend\RRHH_WEB_API\RRHH_WEB_API.csproj (in 2.27 sec).
C:\Projects\Web\RRHH_Web\RRHH-WEB_Backend\stand_rrhh_backend\RRHH_WEB_API\RRHH_WEB_API.csproj : warning NU1902: Package 'MimeKit' 3.4.3 has a known moderate severity vulnerability, https://github.com/advisories/GHSA-g7hc-96xr-gvvx
C:\Projects\Web\RRHH_Web\RRHH-WEB_Backend\stand_rrhh_backend\RRHH_WEB_API\RRHH_WEB_API.csproj : warning NU1701: Package 'Aspose.Cells 8.7.2' was restored using '.NETFramework,Version=v4.6.1, .NETFramework,Version=v4.6.2, .NETFramework,Version=v4.7, .NETFramework,Version=v4.7.1, .NETFramework,Version=v4.7.2, .NETFramework,Version=v4.8, .NETFramework,Version=v4.8.1' instead of the project target framework 'net8.0'. This package may not be fully compatible with your project.
C:\Projects\Web\RRHH_Web\RRHH-WEB_Backend\stand_rrhh_backend\RRHH_WEB_API\RRHH_WEB_API.csproj : warning NU1701: Package 'ExcelEngine 1.1.1' was restored using '.NETFramework,Version=v4.6.1, .NETFramework,Version=v4.6.2, .NETFramework,Version=v4.7, .NETFramework,Version=v4.7.1, .NETFramework,Version=v4.7.2, .NETFramework,Version=v4.8, .NETFramework,Version=v4.8.1' instead of the project target framework 'net8.0'. This package may not be fully compatible with your project.
C:\Projects\Web\RRHH_Web\RRHH-WEB_Backend\stand_rrhh_backend\RRHH_WEB_API\RRHH_WEB_API.csproj : warning NU1701: Package 'Microsoft.Owin 4.2.2' was restored using '.NETFramework,Version=v4.6.1, .NETFramework,Version=v4.6.2, .NETFramework,Version=v4.7, .NETFramework,Version=v4.7.1, .NETFramework,Version=v4.7.2, .NETFramework,Version=v4.8, .NETFramework,Version=v4.8.1' instead of the project target framework 'net8.0'. This package may not be fully compatible with your project.
C:\Projects\Web\RRHH_Web\RRHH-WEB_Backend\stand_rrhh_backend\RRHH_WEB_API\RRHH_WEB_API.csproj : warning NU1701: Package 'Microsoft.Owin.Hosting 4.2.2' was restored using '.NETFramework,Version=v4.6.1, .NETFramework,Version=v4.6.2, .NETFramework,Version=v4.7, .NETFramework,Version=v4.7.1, .NETFramework,Version=v4.7.2, .NETFramework,Version=v4.8, .NETFramework,Version=v4.8.1' instead of the project target framework 'net8.0'. This package may not be fully compatible with your project.
C:\Projects\Web\RRHH_Web\RRHH-WEB_Backend\stand_rrhh_backend\RRHH_WEB_API\RRHH_WEB_API.csproj : warning NU1701: Package 'Owin 1.0.0' was restored using '.NETFramework,Version=v4.6.1, .NETFramework,Version=v4.6.2, .NETFramework,Version=v4.7, .NETFramework,Version=v4.7.1, .NETFramework,Version=v4.7.2, .NETFramework,Version=v4.8, .NETFramework,Version=v4.8.1' instead of the project target framework 'net8.0'. This package may not be fully compatible with your project.
C:\Program Files\dotnet\sdk\9.0.300\Sdks\Microsoft.NET.Sdk.Razor\targets\Sdk.Razor.CurrentVersion.targets(461,5): warning RAZORSDK1006: Detected Razor language version downgrade. This is typically caused by a reference to the Microsoft.AspNetCore.Razor.Design package. Consider removing this package reference. [C:\Projects\Web\RRHH_Web\RRHH-WEB_Backend\stand_rrhh_backend\RRHH_WEB_API\RRHH_WEB_API.csproj]
C:\Projects\Web\RRHH_Web\RRHH-WEB_Backend\stand_rrhh_backend\RRHH_WEB_API\_Entidades\AutorizacionDeduccionPlanillaEstado.cs(11,22): warning CS8632: The annotation for nullable reference types should only be used in code within a '#nullable' annotations context. [C:\Projects\Web\RRHH_Web\RRHH-WEB_Backend\stand_rrhh_backend\RRHH_WEB_API\RRHH_WEB_API.csproj]
C:\Projects\Web\RRHH_Web\RRHH-WEB_Backend\stand_rrhh_backend\RRHH_WEB_API\Features\GestionesVarias\Dto\DeduccionDto.cs(11,22): warning CS8632: The annotation for nullable reference types should only be used in code within a '#nullable' annotations context. [C:\Projects\Web\RRHH_Web\RRHH-WEB_Backend\stand_rrhh_backend\RRHH_WEB_API\RRHH_WEB_API.csproj]
C:\Projects\Web\RRHH_Web\RRHH-WEB_Backend\stand_rrhh_backend\RRHH_WEB_API\_Entidades\Employee.cs(18,22): warning CS8632: The annotation for nullable reference types should only be used in code within a '#nullable' annotations context. [C:\Projects\Web\RRHH_Web\RRHH-WEB_Backend\stand_rrhh_backend\RRHH_WEB_API\RRHH_WEB_API.csproj]
C:\Projects\Web\RRHH_Web\RRHH-WEB_Backend\stand_rrhh_backend\RRHH_WEB_API\_Infraestructura\ACS_DBContext.cs(58,26): warning CS8632: The annotation for nullable reference types should only be used in code within a '#nullable' annotations context. [C:\Projects\Web\RRHH_Web\RRHH-WEB_Backend\stand_rrhh_backend\RRHH_WEB_API\RRHH_WEB_API.csproj]
C:\Projects\Web\RRHH_Web\RRHH-WEB_Backend\stand_rrhh_backend\RRHH_WEB_API\_Entidades\Payslip.cs(12,22): warning CS8632: The annotation for nullable reference types should only be used in code within a '#nullable' annotations context. [C:\Projects\Web\RRHH_Web\RRHH-WEB_Backend\stand_rrhh_backend\RRHH_WEB_API\RRHH_WEB_API.csproj]
C:\Projects\Web\RRHH_Web\RRHH-WEB_Backend\stand_rrhh_backend\RRHH_WEB_API\_Infraestructura\ACS_DBContext.cs(60,26): warning CS8632: The annotation for nullable reference types should only be used in code within a '#nullable' annotations context. [C:\Projects\Web\RRHH_Web\RRHH-WEB_Backend\stand_rrhh_backend\RRHH_WEB_API\RRHH_WEB_API.csproj]
C:\Projects\Web\RRHH_Web\RRHH-WEB_Backend\stand_rrhh_backend\RRHH_WEB_API\_Entidades\Payslip.cs(13,22): warning CS8632: The annotation for nullable reference types should only be used in code within a '#nullable' annotations context. [C:\Projects\Web\RRHH_Web\RRHH-WEB_Backend\stand_rrhh_backend\RRHH_WEB_API\RRHH_WEB_API.csproj]
C:\Projects\Web\RRHH_Web\RRHH-WEB_Backend\stand_rrhh_backend\RRHH_WEB_API\_Entidades\HoraEmpleadoTrabajada.cs(12,22): warning CS8632: The annotation for nullable reference types should only be used in code within a '#nullable' annotations context. [C:\Projects\Web\RRHH_Web\RRHH-WEB_Backend\stand_rrhh_backend\RRHH_WEB_API\RRHH_WEB_API.csproj]
C:\Projects\Web\RRHH_Web\RRHH-WEB_Backend\stand_rrhh_backend\RRHH_WEB_API\_Entidades\Payslip.cs(18,22): warning CS8632: The annotation for nullable reference types should only be used in code within a '#nullable' annotations context. [C:\Projects\Web\RRHH_Web\RRHH-WEB_Backend\stand_rrhh_backend\RRHH_WEB_API\RRHH_WEB_API.csproj]
C:\Projects\Web\RRHH_Web\RRHH-WEB_Backend\stand_rrhh_backend\RRHH_WEB_API\_Infraestructura\ACS_DBContext.cs(66,26): warning CS8632: The annotation for nullable reference types should only be used in code within a '#nullable' annotations context. [C:\Projects\Web\RRHH_Web\RRHH-WEB_Backend\stand_rrhh_backend\RRHH_WEB_API\RRHH_WEB_API.csproj]
C:\Projects\Web\RRHH_Web\RRHH-WEB_Backend\stand_rrhh_backend\RRHH_WEB_API\_Entidades\Payslip.cs(32,27): warning CS8632: The annotation for nullable reference types should only be used in code within a '#nullable' annotations context. [C:\Projects\Web\RRHH_Web\RRHH-WEB_Backend\stand_rrhh_backend\RRHH_WEB_API\RRHH_WEB_API.csproj]
C:\Projects\Web\RRHH_Web\RRHH-WEB_Backend\stand_rrhh_backend\RRHH_WEB_API\_Entidades\PayslipLine.cs(20,22): warning CS8632: The annotation for nullable reference types should only be used in code within a '#nullable' annotations context. [C:\Projects\Web\RRHH_Web\RRHH-WEB_Backend\stand_rrhh_backend\RRHH_WEB_API\RRHH_WEB_API.csproj]
C:\Projects\Web\RRHH_Web\RRHH-WEB_Backend\stand_rrhh_backend\RRHH_WEB_API\_Entidades\PayslipLine.cs(21,22): warning CS8632: The annotation for nullable reference types should only be used in code within a '#nullable' annotations context. [C:\Projects\Web\RRHH_Web\RRHH-WEB_Backend\stand_rrhh_backend\RRHH_WEB_API\RRHH_WEB_API.csproj]
C:\Projects\Web\RRHH_Web\RRHH-WEB_Backend\stand_rrhh_backend\RRHH_WEB_API\_Entidades\PayslipLine.cs(25,22): warning CS8632: The annotation for nullable reference types should only be used in code within a '#nullable' annotations context. [C:\Projects\Web\RRHH_Web\RRHH-WEB_Backend\stand_rrhh_backend\RRHH_WEB_API\RRHH_WEB_API.csproj]
C:\Projects\Web\RRHH_Web\RRHH-WEB_Backend\stand_rrhh_backend\RRHH_WEB_API\Features\Maestros\Dtos\HoraEmpleadoDto.cs(10,22): warning CS8632: The annotation for nullable reference types should only be used in code within a '#nullable' annotations context. [C:\Projects\Web\RRHH_Web\RRHH-WEB_Backend\stand_rrhh_backend\RRHH_WEB_API\RRHH_WEB_API.csproj]
C:\Projects\Web\RRHH_Web\RRHH-WEB_Backend\stand_rrhh_backend\RRHH_WEB_API\Features\Maestros\Dtos\HoraEmpleadoDto.cs(11,22): warning CS8632: The annotation for nullable reference types should only be used in code within a '#nullable' annotations context. [C:\Projects\Web\RRHH_Web\RRHH-WEB_Backend\stand_rrhh_backend\RRHH_WEB_API\RRHH_WEB_API.csproj]
C:\Projects\Web\RRHH_Web\RRHH-WEB_Backend\stand_rrhh_backend\RRHH_WEB_API\Features\Maestros\Dtos\HoraEmpleadoDto.cs(13,22): warning CS8632: The annotation for nullable reference types should only be used in code within a '#nullable' annotations context. [C:\Projects\Web\RRHH_Web\RRHH-WEB_Backend\stand_rrhh_backend\RRHH_WEB_API\RRHH_WEB_API.csproj]
C:\Projects\Web\RRHH_Web\RRHH-WEB_Backend\stand_rrhh_backend\RRHH_WEB_API\Features\Maestros\Dtos\HoraEmpleadoDto.cs(18,22): warning CS8632: The annotation for nullable reference types should only be used in code within a '#nullable' annotations context. [C:\Projects\Web\RRHH_Web\RRHH-WEB_Backend\stand_rrhh_backend\RRHH_WEB_API\RRHH_WEB_API.csproj]
C:\Projects\Web\RRHH_Web\RRHH-WEB_Backend\stand_rrhh_backend\RRHH_WEB_API\Features\Maestros\Dtos\HoraEmpleadoDto.cs(19,22): warning CS8632: The annotation for nullable reference types should only be used in code within a '#nullable' annotations context. [C:\Projects\Web\RRHH_Web\RRHH-WEB_Backend\stand_rrhh_backend\RRHH_WEB_API\RRHH_WEB_API.csproj]
C:\Projects\Web\RRHH_Web\RRHH-WEB_Backend\stand_rrhh_backend\RRHH_WEB_API\_Entidades\RepositoryGroup.cs(10,22): warning CS8632: The annotation for nullable reference types should only be used in code within a '#nullable' annotations context. [C:\Projects\Web\RRHH_Web\RRHH-WEB_Backend\stand_rrhh_backend\RRHH_WEB_API\RRHH_WEB_API.csproj]
C:\Projects\Web\RRHH_Web\RRHH-WEB_Backend\stand_rrhh_backend\RRHH_WEB_API\Features\Solicitud\Dtos\SolicitudContanciaDto.cs(10,22): warning CS8632: The annotation for nullable reference types should only be used in code within a '#nullable' annotations context. [C:\Projects\Web\RRHH_Web\RRHH-WEB_Backend\stand_rrhh_backend\RRHH_WEB_API\RRHH_WEB_API.csproj]
C:\Projects\Web\RRHH_Web\RRHH-WEB_Backend\stand_rrhh_backend\RRHH_WEB_API\_Common\ValidarNulls.cs(18,17): warning CS0472: The result of the expression is always 'false' since a value of type 'int' is never equal to 'null' of type 'int?' [C:\Projects\Web\RRHH_Web\RRHH-WEB_Backend\stand_rrhh_backend\RRHH_WEB_API\RRHH_WEB_API.csproj]
C:\Projects\Web\RRHH_Web\RRHH-WEB_Backend\stand_rrhh_backend\RRHH_WEB_API\Features\Email\EmailService.cs(295,30): warning CS0168: The variable 'ex' is declared but never used [C:\Projects\Web\RRHH_Web\RRHH-WEB_Backend\stand_rrhh_backend\RRHH_WEB_API\RRHH_WEB_API.csproj]
C:\Projects\Web\RRHH_Web\RRHH-WEB_Backend\stand_rrhh_backend\RRHH_WEB_API\Features\Email\EmailService.cs(321,37): error CS0104: 'Cell' is an ambiguous reference between 'Aspose.Cells.Cell' and 'iText.Layout.Element.Cell' [C:\Projects\Web\RRHH_Web\RRHH-WEB_Backend\stand_rrhh_backend\RRHH_WEB_API\RRHH_WEB_API.csproj]
C:\Projects\Web\RRHH_Web\RRHH-WEB_Backend\stand_rrhh_backend\RRHH_WEB_API\Features\Email\EmailService.cs(322,37): error CS0104: 'Cell' is an ambiguous reference between 'Aspose.Cells.Cell' and 'iText.Layout.Element.Cell' [C:\Projects\Web\RRHH_Web\RRHH-WEB_Backend\stand_rrhh_backend\RRHH_WEB_API\RRHH_WEB_API.csproj]
C:\Projects\Web\RRHH_Web\RRHH-WEB_Backend\stand_rrhh_backend\RRHH_WEB_API\Features\Email\EmailService.cs(323,37): error CS0104: 'Cell' is an ambiguous reference between 'Aspose.Cells.Cell' and 'iText.Layout.Element.Cell' [C:\Projects\Web\RRHH_Web\RRHH-WEB_Backend\stand_rrhh_backend\RRHH_WEB_API\RRHH_WEB_API.csproj]
C:\Projects\Web\RRHH_Web\RRHH-WEB_Backend\stand_rrhh_backend\RRHH_WEB_API\Features\Email\EmailService.cs(327,35): error CS0104: 'Cell' is an ambiguous reference between 'Aspose.Cells.Cell' and 'iText.Layout.Element.Cell' [C:\Projects\Web\RRHH_Web\RRHH-WEB_Backend\stand_rrhh_backend\RRHH_WEB_API\RRHH_WEB_API.csproj]
C:\Projects\Web\RRHH_Web\RRHH-WEB_Backend\stand_rrhh_backend\RRHH_WEB_API\Features\Email\EmailService.cs(328,35): error CS0104: 'Cell' is an ambiguous reference between 'Aspose.Cells.Cell' and 'iText.Layout.Element.Cell' [C:\Projects\Web\RRHH_Web\RRHH-WEB_Backend\stand_rrhh_backend\RRHH_WEB_API\RRHH_WEB_API.csproj]
C:\Projects\Web\RRHH_Web\RRHH-WEB_Backend\stand_rrhh_backend\RRHH_WEB_API\Features\Email\EmailService.cs(329,35): error CS0104: 'Cell' is an ambiguous reference between 'Aspose.Cells.Cell' and 'iText.Layout.Element.Cell' [C:\Projects\Web\RRHH_Web\RRHH-WEB_Backend\stand_rrhh_backend\RRHH_WEB_API\RRHH_WEB_API.csproj]
C:\Projects\Web\RRHH_Web\RRHH-WEB_Backend\stand_rrhh_backend\RRHH_WEB_API\Features\Solicitud\SolicitudService.cs(258,30): warning CS0168: The variable 'ex' is declared but never used [C:\Projects\Web\RRHH_Web\RRHH-WEB_Backend\stand_rrhh_backend\RRHH_WEB_API\RRHH_WEB_API.csproj]
C:\Projects\Web\RRHH_Web\RRHH-WEB_Backend\stand_rrhh_backend\RRHH_WEB_API\Features\Solicitud\SolicitudService.cs(307,30): warning CS0168: The variable 'ex' is declared but never used [C:\Projects\Web\RRHH_Web\RRHH-WEB_Backend\stand_rrhh_backend\RRHH_WEB_API\RRHH_WEB_API.csproj]
C:\Projects\Web\RRHH_Web\RRHH-WEB_Backend\stand_rrhh_backend\RRHH_WEB_API\Features\Maestros\MaestroService.cs(423,30): warning CS0168: The variable 'ex' is declared but never used [C:\Projects\Web\RRHH_Web\RRHH-WEB_Backend\stand_rrhh_backend\RRHH_WEB_API\RRHH_WEB_API.csproj]
C:\Projects\Web\RRHH_Web\RRHH-WEB_Backend\stand_rrhh_backend\RRHH_WEB_API\Features\Solicitud\SolicitudService.cs(354,30): warning CS0168: The variable 'ex' is declared but never used [C:\Projects\Web\RRHH_Web\RRHH-WEB_Backend\stand_rrhh_backend\RRHH_WEB_API\RRHH_WEB_API.csproj]
C:\Projects\Web\RRHH_Web\RRHH-WEB_Backend\stand_rrhh_backend\RRHH_WEB_API\Features\Maestros\EmployeePictureService.cs(53,30): warning CS0168: The variable 'ex' is declared but never used [C:\Projects\Web\RRHH_Web\RRHH-WEB_Backend\stand_rrhh_backend\RRHH_WEB_API\RRHH_WEB_API.csproj]
C:\Projects\Web\RRHH_Web\RRHH-WEB_Backend\stand_rrhh_backend\RRHH_WEB_API\_Common\ValidarNulls.cs(23,50): warning CA2013: Do not pass an argument with value type 'int' to 'ReferenceEquals'. Due to value boxing, this call to 'ReferenceEquals' can return an unexpected result. Consider using 'Equals' instead, or pass reference type arguments if you intend to use 'ReferenceEquals'. (https://learn.microsoft.com/dotnet/fundamentals/code-analysis/quality-rules/ca2013) [C:\Projects\Web\RRHH_Web\RRHH-WEB_Backend\stand_rrhh_backend\RRHH_WEB_API\RRHH_WEB_API.csproj]

Build FAILED.

C:\Projects\Web\RRHH_Web\RRHH-WEB_Backend\stand_rrhh_backend\RRHH_WEB_API\RRHH_WEB_API.csproj : warning NU1902: Package 'MimeKit' 3.4.3 has a known moderate severity vulnerability, https://github.com/advisories/GHSA-g7hc-96xr-gvvx
C:\Projects\Web\RRHH_Web\RRHH-WEB_Backend\stand_rrhh_backend\RRHH_WEB_API\RRHH_WEB_API.csproj : warning NU1701: Package 'Aspose.Cells 8.7.2' was restored using '.NETFramework,Version=v4.6.1, .NETFramework,Version=v4.6.2, .NETFramework,Version=v4.7, .NETFramework,Version=v4.7.1, .NETFramework,Version=v4.7.2, .NETFramework,Version=v4.8, .NETFramework,Version=v4.8.1' instead of the project target framework 'net8.0'. This package may not be fully compatible with your project.
C:\Projects\Web\RRHH_Web\RRHH-WEB_Backend\stand_rrhh_backend\RRHH_WEB_API\RRHH_WEB_API.csproj : warning NU1701: Package 'ExcelEngine 1.1.1' was restored using '.NETFramework,Version=v4.6.1, .NETFramework,Version=v4.6.2, .NETFramework,Version=v4.7, .NETFramework,Version=v4.7.1, .NETFramework,Version=v4.7.2, .NETFramework,Version=v4.8, .NETFramework,Version=v4.8.1' instead of the project target framework 'net8.0'. This package may not be fully compatible with your project.
C:\Projects\Web\RRHH_Web\RRHH-WEB_Backend\stand_rrhh_backend\RRHH_WEB_API\RRHH_WEB_API.csproj : warning NU1701: Package 'Microsoft.Owin 4.2.2' was restored using '.NETFramework,Version=v4.6.1, .NETFramework,Version=v4.6.2, .NETFramework,Version=v4.7, .NETFramework,Version=v4.7.1, .NETFramework,Version=v4.7.2, .NETFramework,Version=v4.8, .NETFramework,Version=v4.8.1' instead of the project target framework 'net8.0'. This package may not be fully compatible with your project.
C:\Projects\Web\RRHH_Web\RRHH-WEB_Backend\stand_rrhh_backend\RRHH_WEB_API\RRHH_WEB_API.csproj : warning NU1701: Package 'Microsoft.Owin.Hosting 4.2.2' was restored using '.NETFramework,Version=v4.6.1, .NETFramework,Version=v4.6.2, .NETFramework,Version=v4.7, .NETFramework,Version=v4.7.1, .NETFramework,Version=v4.7.2, .NETFramework,Version=v4.8, .NETFramework,Version=v4.8.1' instead of the project target framework 'net8.0'. This package may not be fully compatible with your project.
C:\Projects\Web\RRHH_Web\RRHH-WEB_Backend\stand_rrhh_backend\RRHH_WEB_API\RRHH_WEB_API.csproj : warning NU1701: Package 'Owin 1.0.0' was restored using '.NETFramework,Version=v4.6.1, .NETFramework,Version=v4.6.2, .NETFramework,Version=v4.7, .NETFramework,Version=v4.7.1, .NETFramework,Version=v4.7.2, .NETFramework,Version=v4.8, .NETFramework,Version=v4.8.1' instead of the project target framework 'net8.0'. This package may not be fully compatible with your project.
C:\Projects\Web\RRHH_Web\RRHH-WEB_Backend\stand_rrhh_backend\RRHH_WEB_API\RRHH_WEB_API.csproj : warning NU1902: Package 'MimeKit' 3.4.3 has a known moderate severity vulnerability, https://github.com/advisories/GHSA-g7hc-96xr-gvvx
C:\Projects\Web\RRHH_Web\RRHH-WEB_Backend\stand_rrhh_backend\RRHH_WEB_API\RRHH_WEB_API.csproj : warning NU1701: Package 'Aspose.Cells 8.7.2' was restored using '.NETFramework,Version=v4.6.1, .NETFramework,Version=v4.6.2, .NETFramework,Version=v4.7, .NETFramework,Version=v4.7.1, .NETFramework,Version=v4.7.2, .NETFramework,Version=v4.8, .NETFramework,Version=v4.8.1' instead of the project target framework 'net8.0'. This package may not be fully compatible with your project.
C:\Projects\Web\RRHH_Web\RRHH-WEB_Backend\stand_rrhh_backend\RRHH_WEB_API\RRHH_WEB_API.csproj : warning NU1701: Package 'ExcelEngine 1.1.1' was restored using '.NETFramework,Version=v4.6.1, .NETFramework,Version=v4.6.2, .NETFramework,Version=v4.7, .NETFramework,Version=v4.7.1, .NETFramework,Version=v4.7.2, .NETFramework,Version=v4.8, .NETFramework,Version=v4.8.1' instead of the project target framework 'net8.0'. This package may not be fully compatible with your project.
C:\Projects\Web\RRHH_Web\RRHH-WEB_Backend\stand_rrhh_backend\RRHH_WEB_API\RRHH_WEB_API.csproj : warning NU1701: Package 'Microsoft.Owin 4.2.2' was restored using '.NETFramework,Version=v4.6.1, .NETFramework,Version=v4.6.2, .NETFramework,Version=v4.7, .NETFramework,Version=v4.7.1, .NETFramework,Version=v4.7.2, .NETFramework,Version=v4.8, .NETFramework,Version=v4.8.1' instead of the project target framework 'net8.0'. This package may not be fully compatible with your project.
C:\Projects\Web\RRHH_Web\RRHH-WEB_Backend\stand_rrhh_backend\RRHH_WEB_API\RRHH_WEB_API.csproj : warning NU1701: Package 'Microsoft.Owin.Hosting 4.2.2' was restored using '.NETFramework,Version=v4.6.1, .NETFramework,Version=v4.6.2, .NETFramework,Version=v4.7, .NETFramework,Version=v4.7.1, .NETFramework,Version=v4.7.2, .NETFramework,Version=v4.8, .NETFramework,Version=v4.8.1' instead of the project target framework 'net8.0'. This package may not be fully compatible with your project.
C:\Projects\Web\RRHH_Web\RRHH-WEB_Backend\stand_rrhh_backend\RRHH_WEB_API\RRHH_WEB_API.csproj : warning NU1701: Package 'Owin 1.0.0' was restored using '.NETFramework,Version=v4.6.1, .NETFramework,Version=v4.6.2, .NETFramework,Version=v4.7, .NETFramework,Version=v4.7.1, .NETFramework,Version=v4.7.2, .NETFramework,Version=v4.8, .NETFramework,Version=v4.8.1' instead of the project target framework 'net8.0'. This package may not be fully compatible with your project.
C:\Program Files\dotnet\sdk\9.0.300\Sdks\Microsoft.NET.Sdk.Razor\targets\Sdk.Razor.CurrentVersion.targets(461,5): warning RAZORSDK1006: Detected Razor language version downgrade. This is typically caused by a reference to the Microsoft.AspNetCore.Razor.Design package. Consider removing this package reference. [C:\Projects\Web\RRHH_Web\RRHH-WEB_Backend\stand_rrhh_backend\RRHH_WEB_API\RRHH_WEB_API.csproj]
C:\Projects\Web\RRHH_Web\RRHH-WEB_Backend\stand_rrhh_backend\RRHH_WEB_API\_Entidades\AutorizacionDeduccionPlanillaEstado.cs(11,22): warning CS8632: The annotation for nullable reference types should only be used in code within a '#nullable' annotations context. [C:\Projects\Web\RRHH_Web\RRHH-WEB_Backend\stand_rrhh_backend\RRHH_WEB_API\RRHH_WEB_API.csproj]
C:\Projects\Web\RRHH_Web\RRHH-WEB_Backend\stand_rrhh_backend\RRHH_WEB_API\Features\GestionesVarias\Dto\DeduccionDto.cs(11,22): warning CS8632: The annotation for nullable reference types should only be used in code within a '#nullable' annotations context. [C:\Projects\Web\RRHH_Web\RRHH-WEB_Backend\stand_rrhh_backend\RRHH_WEB_API\RRHH_WEB_API.csproj]
C:\Projects\Web\RRHH_Web\RRHH-WEB_Backend\stand_rrhh_backend\RRHH_WEB_API\_Entidades\Employee.cs(18,22): warning CS8632: The annotation for nullable reference types should only be used in code within a '#nullable' annotations context. [C:\Projects\Web\RRHH_Web\RRHH-WEB_Backend\stand_rrhh_backend\RRHH_WEB_API\RRHH_WEB_API.csproj]
C:\Projects\Web\RRHH_Web\RRHH-WEB_Backend\stand_rrhh_backend\RRHH_WEB_API\_Infraestructura\ACS_DBContext.cs(58,26): warning CS8632: The annotation for nullable reference types should only be used in code within a '#nullable' annotations context. [C:\Projects\Web\RRHH_Web\RRHH-WEB_Backend\stand_rrhh_backend\RRHH_WEB_API\RRHH_WEB_API.csproj]
C:\Projects\Web\RRHH_Web\RRHH-WEB_Backend\stand_rrhh_backend\RRHH_WEB_API\_Entidades\Payslip.cs(12,22): warning CS8632: The annotation for nullable reference types should only be used in code within a '#nullable' annotations context. [C:\Projects\Web\RRHH_Web\RRHH-WEB_Backend\stand_rrhh_backend\RRHH_WEB_API\RRHH_WEB_API.csproj]
C:\Projects\Web\RRHH_Web\RRHH-WEB_Backend\stand_rrhh_backend\RRHH_WEB_API\_Infraestructura\ACS_DBContext.cs(60,26): warning CS8632: The annotation for nullable reference types should only be used in code within a '#nullable' annotations context. [C:\Projects\Web\RRHH_Web\RRHH-WEB_Backend\stand_rrhh_backend\RRHH_WEB_API\RRHH_WEB_API.csproj]
C:\Projects\Web\RRHH_Web\RRHH-WEB_Backend\stand_rrhh_backend\RRHH_WEB_API\_Entidades\Payslip.cs(13,22): warning CS8632: The annotation for nullable reference types should only be used in code within a '#nullable' annotations context. [C:\Projects\Web\RRHH_Web\RRHH-WEB_Backend\stand_rrhh_backend\RRHH_WEB_API\RRHH_WEB_API.csproj]
C:\Projects\Web\RRHH_Web\RRHH-WEB_Backend\stand_rrhh_backend\RRHH_WEB_API\_Entidades\HoraEmpleadoTrabajada.cs(12,22): warning CS8632: The annotation for nullable reference types should only be used in code within a '#nullable' annotations context. [C:\Projects\Web\RRHH_Web\RRHH-WEB_Backend\stand_rrhh_backend\RRHH_WEB_API\RRHH_WEB_API.csproj]
C:\Projects\Web\RRHH_Web\RRHH-WEB_Backend\stand_rrhh_backend\RRHH_WEB_API\_Entidades\Payslip.cs(18,22): warning CS8632: The annotation for nullable reference types should only be used in code within a '#nullable' annotations context. [C:\Projects\Web\RRHH_Web\RRHH-WEB_Backend\stand_rrhh_backend\RRHH_WEB_API\RRHH_WEB_API.csproj]
C:\Projects\Web\RRHH_Web\RRHH-WEB_Backend\stand_rrhh_backend\RRHH_WEB_API\_Infraestructura\ACS_DBContext.cs(66,26): warning CS8632: The annotation for nullable reference types should only be used in code within a '#nullable' annotations context. [C:\Projects\Web\RRHH_Web\RRHH-WEB_Backend\stand_rrhh_backend\RRHH_WEB_API\RRHH_WEB_API.csproj]
C:\Projects\Web\RRHH_Web\RRHH-WEB_Backend\stand_rrhh_backend\RRHH_WEB_API\_Entidades\Payslip.cs(32,27): warning CS8632: The annotation for nullable reference types should only be used in code within a '#nullable' annotations context. [C:\Projects\Web\RRHH_Web\RRHH-WEB_Backend\stand_rrhh_backend\RRHH_WEB_API\RRHH_WEB_API.csproj]
C:\Projects\Web\RRHH_Web\RRHH-WEB_Backend\stand_rrhh_backend\RRHH_WEB_API\_Entidades\PayslipLine.cs(20,22): warning CS8632: The annotation for nullable reference types should only be used in code within a '#nullable' annotations context. [C:\Projects\Web\RRHH_Web\RRHH-WEB_Backend\stand_rrhh_backend\RRHH_WEB_API\RRHH_WEB_API.csproj]
C:\Projects\Web\RRHH_Web\RRHH-WEB_Backend\stand_rrhh_backend\RRHH_WEB_API\_Entidades\PayslipLine.cs(21,22): warning CS8632: The annotation for nullable reference types should only be used in code within a '#nullable' annotations context. [C:\Projects\Web\RRHH_Web\RRHH-WEB_Backend\stand_rrhh_backend\RRHH_WEB_API\RRHH_WEB_API.csproj]
C:\Projects\Web\RRHH_Web\RRHH-WEB_Backend\stand_rrhh_backend\RRHH_WEB_API\_Entidades\PayslipLine.cs(25,22): warning CS8632: The annotation for nullable reference types should only be used in code within a '#nullable' annotations context. [C:\Projects\Web\RRHH_Web\RRHH-WEB_Backend\stand_rrhh_backend\RRHH_WEB_API\RRHH_WEB_API.csproj]
C:\Projects\Web\RRHH_Web\RRHH-WEB_Backend\stand_rrhh_backend\RRHH_WEB_API\Features\Maestros\Dtos\HoraEmpleadoDto.cs(10,22): warning CS8632: The annotation for nullable reference types should only be used in code within a '#nullable' annotations context. [C:\Projects\Web\RRHH_Web\RRHH-WEB_Backend\stand_rrhh_backend\RRHH_WEB_API\RRHH_WEB_API.csproj]
C:\Projects\Web\RRHH_Web\RRHH-WEB_Backend\stand_rrhh_backend\RRHH_WEB_API\Features\Maestros\Dtos\HoraEmpleadoDto.cs(11,22): warning CS8632: The annotation for nullable reference types should only be used in code within a '#nullable' annotations context. [C:\Projects\Web\RRHH_Web\RRHH-WEB_Backend\stand_rrhh_backend\RRHH_WEB_API\RRHH_WEB_API.csproj]
C:\Projects\Web\RRHH_Web\RRHH-WEB_Backend\stand_rrhh_backend\RRHH_WEB_API\Features\Maestros\Dtos\HoraEmpleadoDto.cs(13,22): warning CS8632: The annotation for nullable reference types should only be used in code within a '#nullable' annotations context. [C:\Projects\Web\RRHH_Web\RRHH-WEB_Backend\stand_rrhh_backend\RRHH_WEB_API\RRHH_WEB_API.csproj]
C:\Projects\Web\RRHH_Web\RRHH-WEB_Backend\stand_rrhh_backend\RRHH_WEB_API\Features\Maestros\Dtos\HoraEmpleadoDto.cs(18,22): warning CS8632: The annotation for nullable reference types should only be used in code within a '#nullable' annotations context. [C:\Projects\Web\RRHH_Web\RRHH-WEB_Backend\stand_rrhh_backend\RRHH_WEB_API\RRHH_WEB_API.csproj]
C:\Projects\Web\RRHH_Web\RRHH-WEB_Backend\stand_rrhh_backend\RRHH_WEB_API\Features\Maestros\Dtos\HoraEmpleadoDto.cs(19,22): warning CS8632: The annotation for nullable reference types should only be used in code within a '#nullable' annotations context. [C:\Projects\Web\RRHH_Web\RRHH-WEB_Backend\stand_rrhh_backend\RRHH_WEB_API\RRHH_WEB_API.csproj]
C:\Projects\Web\RRHH_Web\RRHH-WEB_Backend\stand_rrhh_backend\RRHH_WEB_API\_Entidades\RepositoryGroup.cs(10,22): warning CS8632: The annotation for nullable reference types should only be used in code within a '#nullable' annotations context. [C:\Projects\Web\RRHH_Web\RRHH-WEB_Backend\stand_rrhh_backend\RRHH_WEB_API\RRHH_WEB_API.csproj]
C:\Projects\Web\RRHH_Web\RRHH-WEB_Backend\stand_rrhh_backend\RRHH_WEB_API\Features\Solicitud\Dtos\SolicitudContanciaDto.cs(10,22): warning CS8632: The annotation for nullable reference types should only be used in code within a '#nullable' annotations context. [C:\Projects\Web\RRHH_Web\RRHH-WEB_Backend\stand_rrhh_backend\RRHH_WEB_API\RRHH_WEB_API.csproj]
C:\Projects\Web\RRHH_Web\RRHH-WEB_Backend\stand_rrhh_backend\RRHH_WEB_API\_Common\ValidarNulls.cs(18,17): warning CS0472: The result of the expression is always 'false' since a value of type 'int' is never equal to 'null' of type 'int?' [C:\Projects\Web\RRHH_Web\RRHH-WEB_Backend\stand_rrhh_backend\RRHH_WEB_API\RRHH_WEB_API.csproj]
C:\Projects\Web\RRHH_Web\RRHH-WEB_Backend\stand_rrhh_backend\RRHH_WEB_API\Features\Email\EmailService.cs(295,30): warning CS0168: The variable 'ex' is declared but never used [C:\Projects\Web\RRHH_Web\RRHH-WEB_Backend\stand_rrhh_backend\RRHH_WEB_API\RRHH_WEB_API.csproj]
C:\Projects\Web\RRHH_Web\RRHH-WEB_Backend\stand_rrhh_backend\RRHH_WEB_API\Features\Solicitud\SolicitudService.cs(258,30): warning CS0168: The variable 'ex' is declared but never used [C:\Projects\Web\RRHH_Web\RRHH-WEB_Backend\stand_rrhh_backend\RRHH_WEB_API\RRHH_WEB_API.csproj]
C:\Projects\Web\RRHH_Web\RRHH-WEB_Backend\stand_rrhh_backend\RRHH_WEB_API\Features\Solicitud\SolicitudService.cs(307,30): warning CS0168: The variable 'ex' is declared but never used [C:\Projects\Web\RRHH_Web\RRHH-WEB_Backend\stand_rrhh_backend\RRHH_WEB_API\RRHH_WEB_API.csproj]
C:\Projects\Web\RRHH_Web\RRHH-WEB_Backend\stand_rrhh_backend\RRHH_WEB_API\Features\Maestros\MaestroService.cs(423,30): warning CS0168: The variable 'ex' is declared but never used [C:\Projects\Web\RRHH_Web\RRHH-WEB_Backend\stand_rrhh_backend\RRHH_WEB_API\RRHH_WEB_API.csproj]
C:\Projects\Web\RRHH_Web\RRHH-WEB_Backend\stand_rrhh_backend\RRHH_WEB_API\Features\Solicitud\SolicitudService.cs(354,30): warning CS0168: The variable 'ex' is declared but never used [C:\Projects\Web\RRHH_Web\RRHH-WEB_Backend\stand_rrhh_backend\RRHH_WEB_API\RRHH_WEB_API.csproj]
C:\Projects\Web\RRHH_Web\RRHH-WEB_Backend\stand_rrhh_backend\RRHH_WEB_API\Features\Maestros\EmployeePictureService.cs(53,30): warning CS0168: The variable 'ex' is declared but never used [C:\Projects\Web\RRHH_Web\RRHH-WEB_Backend\stand_rrhh_backend\RRHH_WEB_API\RRHH_WEB_API.csproj]
C:\Projects\Web\RRHH_Web\RRHH-WEB_Backend\stand_rrhh_backend\RRHH_WEB_API\_Common\ValidarNulls.cs(23,50): warning CA2013: Do not pass an argument with value type 'int' to 'ReferenceEquals'. Due to value boxing, this call to 'ReferenceEquals' can return an unexpected result. Consider using 'Equals' instead, or pass reference type arguments if you intend to use 'ReferenceEquals'. (https://learn.microsoft.com/dotnet/fundamentals/code-analysis/quality-rules/ca2013) [C:\Projects\Web\RRHH_Web\RRHH-WEB_Backend\stand_rrhh_backend\RRHH_WEB_API\RRHH_WEB_API.csproj]
C:\Projects\Web\RRHH_Web\RRHH-WEB_Backend\stand_rrhh_backend\RRHH_WEB_API\Features\Email\EmailService.cs(321,37): error CS0104: 'Cell' is an ambiguous reference between 'Aspose.Cells.Cell' and 'iText.Layout.Element.Cell' [C:\Projects\Web\RRHH_Web\RRHH-WEB_Backend\stand_rrhh_backend\RRHH_WEB_API\RRHH_WEB_API.csproj]
C:\Projects\Web\RRHH_Web\RRHH-WEB_Backend\stand_rrhh_backend\RRHH_WEB_API\Features\Email\EmailService.cs(322,37): error CS0104: 'Cell' is an ambiguous reference between 'Aspose.Cells.Cell' and 'iText.Layout.Element.Cell' [C:\Projects\Web\RRHH_Web\RRHH-WEB_Backend\stand_rrhh_backend\RRHH_WEB_API\RRHH_WEB_API.csproj]
C:\Projects\Web\RRHH_Web\RRHH-WEB_Backend\stand_rrhh_backend\RRHH_WEB_API\Features\Email\EmailService.cs(323,37): error CS0104: 'Cell' is an ambiguous reference between 'Aspose.Cells.Cell' and 'iText.Layout.Element.Cell' [C:\Projects\Web\RRHH_Web\RRHH-WEB_Backend\stand_rrhh_backend\RRHH_WEB_API\RRHH_WEB_API.csproj]
C:\Projects\Web\RRHH_Web\RRHH-WEB_Backend\stand_rrhh_backend\RRHH_WEB_API\Features\Email\EmailService.cs(327,35): error CS0104: 'Cell' is an ambiguous reference between 'Aspose.Cells.Cell' and 'iText.Layout.Element.Cell' [C:\Projects\Web\RRHH_Web\RRHH-WEB_Backend\stand_rrhh_backend\RRHH_WEB_API\RRHH_WEB_API.csproj]
C:\Projects\Web\RRHH_Web\RRHH-WEB_Backend\stand_rrhh_backend\RRHH_WEB_API\Features\Email\EmailService.cs(328,35): error CS0104: 'Cell' is an ambiguous reference between 'Aspose.Cells.Cell' and 'iText.Layout.Element.Cell' [C:\Projects\Web\RRHH_Web\RRHH-WEB_Backend\stand_rrhh_backend\RRHH_WEB_API\RRHH_WEB_API.csproj]
C:\Projects\Web\RRHH_Web\RRHH-WEB_Backend\stand_rrhh_backend\RRHH_WEB_API\Features\Email\EmailService.cs(329,35): error CS0104: 'Cell' is an ambiguous reference between 'Aspose.Cells.Cell' and 'iText.Layout.Element.Cell' [C:\Projects\Web\RRHH_Web\RRHH-WEB_Backend\stand_rrhh_backend\RRHH_WEB_API\RRHH_WEB_API.csproj]
    42 Warning(s)
    6 Error(s)

Time Elapsed 00:00:05.89
